// Jest Snapshot v1, https://goo.gl/fbAQLP

exports[`<App /> spec renders the component 1`] = `
<div>
  <div
    class="app app--light"
  >
    <div
      class="side-nav"
    >
      Side nav content
    </div>
    <div
      class="screen-content"
    >
      Screen content
    </div>
  </div>
</div>
`;
